# Log file action to human readable action map file

# FIXME: these are the same action but are spelled differently.  Why?
reject_license=Licence Rejections
reject_licence=Licence Rejections

archive_item = Elementos archivados
view_bitstream = Vistas de Bitstream
view_item = Vistas de elementos
view_collection = Vistas de colección
view_community = Vistas de la facultad
login = Inicio de sesión de usuario
búsqueda = búsquedas realizadas
oai_request = Solicitudes OAI
items_by_author = Buscar elementos por autor
browse_author = Buscar por autor
browse_title = Buscar por título
browse_date = Buscar por fecha
update_item = Artículo actualizado
view_community_list = Vistas de la lista de la facultad
update_workspace_item = Vistas del elemento del espacio de trabajo
update_bitstream = Actualizaciones de Bitstream
add_bundle = Bundles Added
update_workflow_item = Actualizaciones de elementos del flujo de trabajo
update_group = Actualizaciones de EPerson Group
create_bitstream = Bitstreams creados
view_mydspace = Vistas de la página de inicio del usuario
update_bundle = Actualizaciones de paquete
add_bitstream = Bitstreams agregado
create_bundle = Bundles creados
update_collection = Actualizaciones de colecciones
database_error = Errores de base de datos
view_editcommunities = Edición de facultad
invalid_id = Solicitudes de ID no válidas
create_item = Elementos creados
view_workflow = Vistas del flujo de trabajo
delete_workspace_item = Elementos del espacio de trabajo eliminados
create_group = EPerson Grupos creados
create_workspace_item = Elementos de espacio de trabajo creados
select_collection = Colección para enviar a seleccionado
start_workflow = Inicia el flujo de trabajo
accept_license = Licencias aceptadas
claim_task = Tareas Reclamadas
add_item = Artículos agregados
install_item = Elementos instalados
advance_workflow = Workflow Advanced One Stage
update_eperson = EPerson Record Updated
delete_bitstream = Bitstreams eliminados
remove_bitstream = Se han eliminado los flujos de bits
remove_bundle = Paquetes eliminados
delete_bundle = Paquetes eliminados
sendtoken_register = Tokens de registro enviados
failed_login = Fallas de inicio de sesión de usuario
update_community = Actualizaciones de la facultad
remove_logo = Logos eliminados
create_eperson = EPerson Cuentas creadas
usedtoken_register = Token de registro utilizado
oai_error = Error OAI
set_logo = Logos cargados
logout = Desconexiones del usuario
delete_item = Artículos eliminados
create_collection = Colecciones creadas
add_collection = Colecciones agregadas
view_own_submissions = Propias presentaciones del usuario vistos
unclaim_workflow = Tarea de flujo de trabajo devuelta a la agrupación
edit_workflow_item = Elementos del flujo de trabajo editados
create_template_item = Plantillas de elementos creadas
confirm_removal = Confirmaciones de eliminación del elemento de área de trabajo
remove_submission = Envíos eliminados
delete_group = EPerson Grupos eliminados
authorize_error = Errores de Autorización
return_to_workspace = Elementos del flujo de trabajo rechazados en el espacio de trabajo
abort_workflow = Flujo de trabajo cancelado
suscribirse = suscribirse para recibir notificaciones por correo electrónico de la colección
delete_collection = Colecciones eliminadas
remove_collection = Colecciones eliminadas
view_profile = Vistas de perfil de usuario
remove_item = Artículos eliminados
unknown_email = Dirección de correo electrónico no reconocida
integrity_error = Error de integridad del sistema
create_community = Facultades creadas
upload_error = Errores de carga de archivos
get_reject_reason = Motivo del rechazo del elemento de espacio de trabajo completado
usedtoken_forgotpw = Restablecimiento de contraseña olvidada
already_registered = intento de volver a registrar al usuario registrado
cancelar suscripción = Cancelar suscripción de las actualizaciones de correo electrónico
reject_workflow = Rechazar elemento del espacio de trabajo del flujo de trabajo
admin_only = Notificaciones solo del administrador
error_emailing = Envío de un error de correo electrónico
sendtoken_forgotpw = Notificaciones de contraseña olvidada
ERROR = Error del sistema
search_exception = Excepción de búsqueda Lucene
notifyOfArchive = Notificación de elemento archivado enviado
delete_community = facultades eliminadas
bad_email = Direcciones de correo electrónico incorrectas suministradas
bad_dc = Error de campo Bad Dublin Core
add_subcommunity = Programas academicos agregados
remove_subcommunity = Programas academicos eliminados
show_feedback_form = Formulario de comentarios mostrado
create_dc_type = Nuevo tipo de Dublin Core creado
remove_template_item = Plantilla de elemento eliminada
withdraw_item = Artículo retirado
download_export_archive = Descargar Export Archive
